#-----------------------------------------------------------
# Vivado v2024.1 (64-bit)
# SW Build 5076996 on Wed May 22 18:37:14 MDT 2024
# IP Build 5075265 on Wed May 22 21:45:21 MDT 2024
# SharedData Build 5076995 on Wed May 22 18:29:18 MDT 2024
# Start of session at: Wed Dec 10 11:00:16 2025
# Process ID: 2620
# Current directory: C:/Users/prestamo_admin/Desktop/SED/Proyecto_FPGAs/SED_FPGA/Trabajo_FPGA/Trabajo_FPGA/Trabajo_FPGA.runs/impl_1
# Command line: vivado.exe -log SYNCHRNZR.vdi -applog -product Vivado -messageDb vivado.pb -mode batch -source SYNCHRNZR.tcl -notrace
# Log file: C:/Users/prestamo_admin/Desktop/SED/Proyecto_FPGAs/SED_FPGA/Trabajo_FPGA/Trabajo_FPGA/Trabajo_FPGA.runs/impl_1/SYNCHRNZR.vdi
# Journal file: C:/Users/prestamo_admin/Desktop/SED/Proyecto_FPGAs/SED_FPGA/Trabajo_FPGA/Trabajo_FPGA/Trabajo_FPGA.runs/impl_1\vivado.jou
# Running On        :PLD0472RBS
# Platform          :Windows Server 2016 or Windows 10
# Operating System  :17763
# Processor Detail  :11th Gen Intel(R) Core(TM) i5-1135G7 @ 2.40GHz
# CPU Frequency     :2419 MHz
# CPU Physical cores:4
# CPU Logical cores :8
# Host memory       :7784 MB
# Swap memory       :5629 MB
# Total Virtual     :13414 MB
# Available Virtual :2687 MB
#-----------------------------------------------------------
source SYNCHRNZR.tcl -notrace
